uz\rivoj\education\dto\response\RankingPageResponse$RankingPageResponseBuilder.class
uz\rivoj\education\dto\response\AttendanceResponse$AttendanceResponseBuilder.class
uz\rivoj\education\entity\SubjectEntity.class
uz\rivoj\education\service\DiscountService.class
uz\rivoj\education\dto\request\AttendanceCR$AttendanceCRBuilder.class
uz\rivoj\education\dto\request\CommentCR.class
uz\rivoj\education\service\AttendanceService$1.class
uz\rivoj\education\dto\request\AttendanceCR.class
uz\rivoj\education\dto\response\LessonResponse$LessonResponseBuilder.class
uz\rivoj\education\entity\DiscountEntity$DiscountEntityBuilder.class
uz\rivoj\education\config\BeanConfig.class
uz\rivoj\education\repository\ChatRepository.class
uz\rivoj\education\dto\response\LessonPageResponse$LessonPageResponseBuilder.class
uz\rivoj\education\service\TeacherService.class
uz\rivoj\education\dto\response\GetStudentFullInfoResponse.class
uz\rivoj\education\dto\response\StudentStatisticsDTO.class
uz\rivoj\education\controller\AdminController.class
uz\rivoj\education\controller\ProgressController.class
uz\rivoj\education\dto\request\ModuleCR$ModuleCRBuilder.class
uz\rivoj\education\dto\request\SubjectCR$SubjectCRBuilder.class
uz\rivoj\education\repository\LessonRepository.class
uz\rivoj\education\service\ProgressService$1.class
uz\rivoj\education\dto\request\TeacherCR.class
uz\rivoj\education\dto\response\EducationPageResponse$EducationPageResponseBuilder.class
uz\rivoj\education\entity\StudentInfo.class
uz\rivoj\education\entity\LessonEntity$LessonEntityBuilder.class
uz\rivoj\education\repository\TeacherInfoRepository.class
uz\rivoj\education\entity\ChatEntity.class
uz\rivoj\education\config\GlobalExceptionHandler.class
uz\rivoj\education\dto\response\BestStudentResponse.class
uz\rivoj\education\dto\response\GetStudentFullInfoResponse$GetStudentFullInfoResponseBuilder.class
uz\rivoj\education\repository\SubjectRepository.class
uz\rivoj\education\dto\request\ChatCR.class
uz\rivoj\education\dto\response\SpecialAttendanceResponse.class
uz\rivoj\education\service\AttendanceService.class
uz\rivoj\education\entity\UserRole.class
uz\rivoj\education\controller\UserController.class
uz\rivoj\education\entity\UserEntity.class
uz\rivoj\education\entity\DiscountEntity.class
uz\rivoj\education\service\ModuleService.class
uz\rivoj\education\repository\StudentInfoRepository.class
uz\rivoj\education\dto\response\UserResponse.class
uz\rivoj\education\dto\request\LoginRequest.class
uz\rivoj\education\entity\CommentEntity$CommentEntityBuilder.class
uz\rivoj\education\dto\request\ChatCR$ChatCRBuilder.class
uz\rivoj\education\entity\NotificationEntity.class
uz\rivoj\education\dto\response\DiscountResponse.class
uz\rivoj\education\dto\response\DiscountResponse$DiscountResponseBuilder.class
uz\rivoj\education\dto\request\NotificationCR$NotificationCRBuilder.class
uz\rivoj\education\dto\response\MessageResponse$MessageResponseBuilder.class
uz\rivoj\education\dto\response\CommentResponse.class
uz\rivoj\education\repository\UserRepository.class
uz\rivoj\education\entity\LessonEntity.class
uz\rivoj\education\service\UserService.class
uz\rivoj\education\dto\response\ModuleResponse$ModuleResponseBuilder.class
uz\rivoj\education\service\StudentService.class
uz\rivoj\education\controller\StudentController.class
uz\rivoj\education\repository\NotificationRepository.class
uz\rivoj\education\entity\BaseEntity.class
uz\rivoj\education\exception\NotEnoughFundsException.class
uz\rivoj\education\dto\response\SpecialAttendanceResponse$SpecialAttendanceResponseBuilder.class
uz\rivoj\education\entity\UserEntity$UserEntityBuilder.class
uz\rivoj\education\dto\response\NotificationResponse$NotificationResponseBuilder.class
uz\rivoj\education\controller\TeacherController.class
uz\rivoj\education\dto\response\HomePageResponse$HomePageResponseBuilder.class
uz\rivoj\education\dto\response\StudentStatisticsDTO$StudentStatisticsDTOBuilder.class
uz\rivoj\education\dto\request\MessageCR.class
uz\rivoj\education\entity\ModuleEntity$ModuleEntityBuilder.class
uz\rivoj\education\service\UploadService.class
uz\rivoj\education\dto\request\LessonCR$LessonCRBuilder.class
uz\rivoj\education\dto\response\CommentResponse$CommentResponseBuilder.class
uz\rivoj\education\entity\Message$MessageBuilder.class
uz\rivoj\education\dto\response\BestStudentResponse$BestStudentResponseBuilder.class
uz\rivoj\education\entity\enums\AttendanceStatus.class
uz\rivoj\education\dto\request\AdminCR$AdminCRBuilder.class
uz\rivoj\education\dto\request\DiscountCR$DiscountCRBuilder.class
uz\rivoj\education\dto\request\NotificationCR.class
uz\rivoj\education\dto\update\LessonUpdateDTO$LessonUpdateDTOBuilder.class
uz\rivoj\education\entity\TeacherInfo$TeacherInfoBuilder.class
uz\rivoj\education\exception\WrongPasswordException.class
uz\rivoj\education\dto\response\StudentResponse$StudentResponseBuilder.class
uz\rivoj\education\entity\NotificationEntity$NotificationEntityBuilder.class
uz\rivoj\education\dto\request\DiscountCR.class
uz\rivoj\education\dto\response\EducationPageResponse.class
uz\rivoj\education\EducationApplication.class
uz\rivoj\education\dto\response\StudentResponse.class
uz\rivoj\education\dto\request\ModuleCR.class
uz\rivoj\education\service\CommentService.class
uz\rivoj\education\config\DoConfig.class
uz\rivoj\education\dto\response\TeacherResponse.class
uz\rivoj\education\dto\response\TutorsPageResponse$TutorsPageResponseBuilder.class
uz\rivoj\education\dto\request\LessonCR.class
uz\rivoj\education\dto\response\LessonPageResponse.class
uz\rivoj\education\dto\response\TeacherResponse$TeacherResponseBuilder.class
uz\rivoj\education\dto\request\UserCR.class
uz\rivoj\education\dto\response\HomePageResponse.class
uz\rivoj\education\dto\update\LessonUpdateDTO.class
uz\rivoj\education\service\SubjectService.class
uz\rivoj\education\dto\response\NotificationResponse.class
uz\rivoj\education\dto\response\RankingPageResponse.class
uz\rivoj\education\dto\response\SubjectResponse.class
uz\rivoj\education\repository\DiscountRepository.class
uz\rivoj\education\repository\ModuleRepository.class
uz\rivoj\education\entity\StudentInfo$StudentInfoBuilder.class
uz\rivoj\education\entity\TeacherInfo.class
uz\rivoj\education\config\SecurityConfig.class
uz\rivoj\education\entity\AttendanceEntity$AttendanceEntityBuilder.class
uz\rivoj\education\service\jwt\UserDetailsService.class
uz\rivoj\education\dto\request\UserCR$UserCRBuilder.class
uz\rivoj\education\dto\response\ChatResponse$ChatResponseBuilder.class
uz\rivoj\education\service\AttendanceService$2.class
uz\rivoj\education\dto\error\ErrorDTO.class
uz\rivoj\education\entity\CommentEntity.class
uz\rivoj\education\dto\request\MessageCR$MessageCRBuilder.class
uz\rivoj\education\entity\enums\UserStatus.class
uz\rivoj\education\service\NotificationService.class
uz\rivoj\education\dto\update\CheckAttendanceDTO$CheckAttendanceDTOBuilder.class
uz\rivoj\education\entity\ChatEntity$ChatEntityBuilder.class
uz\rivoj\education\dto\request\StudentCR$StudentCRBuilder.class
uz\rivoj\education\dto\response\MessageResponse.class
uz\rivoj\education\service\ChatService.class
uz\rivoj\education\service\MessageService$1.class
uz\rivoj\education\dto\response\SubjectResponse$SubjectResponseBuilder.class
uz\rivoj\education\repository\MessageRepository.class
uz\rivoj\education\dto\response\AttendanceResponse.class
uz\rivoj\education\dto\response\LessonResponse.class
uz\rivoj\education\repository\AttendanceRepository.class
uz\rivoj\education\service\ProgressService.class
uz\rivoj\education\config\SwaggerConfig.class
uz\rivoj\education\dto\request\SubjectCR.class
uz\rivoj\education\dto\response\UserResponse$UserResponseBuilder.class
uz\rivoj\education\controller\AuthUserController.class
uz\rivoj\education\entity\ModuleEntity.class
uz\rivoj\education\service\jwt\JwtFilter.class
uz\rivoj\education\repository\CommentRepository.class
uz\rivoj\education\dto\response\TutorsPageResponse.class
uz\rivoj\education\service\jwt\AuthenticationService.class
uz\rivoj\education\entity\AttendanceEntity.class
uz\rivoj\education\dto\update\CheckAttendanceDTO.class
uz\rivoj\education\service\jwt\JwtService.class
uz\rivoj\education\dto\request\StudentCR.class
uz\rivoj\education\entity\Message.class
uz\rivoj\education\dto\request\TeacherCR$TeacherCRBuilder.class
uz\rivoj\education\exception\DataNotFoundException.class
uz\rivoj\education\dto\error\AppErrorDto.class
uz\rivoj\education\dto\response\ChatResponse.class
uz\rivoj\education\entity\SubjectEntity$SubjectEntityBuilder.class
uz\rivoj\education\dto\response\ModuleResponse.class
uz\rivoj\education\exception\DataAlreadyExistsException.class
uz\rivoj\education\service\LessonService.class
uz\rivoj\education\service\MessageService.class
uz\rivoj\education\dto\request\AdminCR.class
uz\rivoj\education\dto\request\CommentCR$CommentCRBuilder.class
