D:\Users\HP\java G23\JavaSpring\shaftoli-education\src\main\java\uz\rivoj\education\dto\response\SubjectResponse.java
D:\Users\HP\java G23\JavaSpring\shaftoli-education\src\main\java\uz\rivoj\education\repository\SubjectRepository.java
D:\Users\HP\java G23\JavaSpring\shaftoli-education\src\main\java\uz\rivoj\education\dto\response\StudentStatisticsDTO.java
D:\Users\HP\java G23\JavaSpring\shaftoli-education\src\main\java\uz\rivoj\education\exception\DataAlreadyExistsException.java
D:\Users\HP\java G23\JavaSpring\shaftoli-education\src\main\java\uz\rivoj\education\controller\UserController.java
D:\Users\HP\java G23\JavaSpring\shaftoli-education\src\main\java\uz\rivoj\education\dto\response\EducationPageResponse.java
D:\Users\HP\java G23\JavaSpring\shaftoli-education\src\main\java\uz\rivoj\education\repository\DiscountRepository.java
D:\Users\HP\java G23\JavaSpring\shaftoli-education\src\main\java\uz\rivoj\education\dto\update\LessonUpdateDTO.java
D:\Users\HP\java G23\JavaSpring\shaftoli-education\src\main\java\uz\rivoj\education\service\UserService.java
D:\Users\HP\java G23\JavaSpring\shaftoli-education\src\main\java\uz\rivoj\education\dto\update\CheckAttendanceDTO.java
D:\Users\HP\java G23\JavaSpring\shaftoli-education\src\main\java\uz\rivoj\education\dto\request\ModuleCR.java
D:\Users\HP\java G23\JavaSpring\shaftoli-education\src\main\java\uz\rivoj\education\dto\response\UserResponse.java
D:\Users\HP\java G23\JavaSpring\shaftoli-education\src\main\java\uz\rivoj\education\dto\request\TeacherCR.java
D:\Users\HP\java G23\JavaSpring\shaftoli-education\src\main\java\uz\rivoj\education\repository\TeacherInfoRepository.java
D:\Users\HP\java G23\JavaSpring\shaftoli-education\src\main\java\uz\rivoj\education\dto\request\NotificationCR.java
D:\Users\HP\java G23\JavaSpring\shaftoli-education\src\main\java\uz\rivoj\education\service\SubjectService.java
D:\Users\HP\java G23\JavaSpring\shaftoli-education\src\main\java\uz\rivoj\education\service\MessageService.java
D:\Users\HP\java G23\JavaSpring\shaftoli-education\src\main\java\uz\rivoj\education\service\ProgressService.java
D:\Users\HP\java G23\JavaSpring\shaftoli-education\src\main\java\uz\rivoj\education\entity\StudentInfo.java
D:\Users\HP\java G23\JavaSpring\shaftoli-education\src\main\java\uz\rivoj\education\dto\request\CommentCR.java
D:\Users\HP\java G23\JavaSpring\shaftoli-education\src\main\java\uz\rivoj\education\entity\ModuleEntity.java
D:\Users\HP\java G23\JavaSpring\shaftoli-education\src\main\java\uz\rivoj\education\controller\TeacherController.java
D:\Users\HP\java G23\JavaSpring\shaftoli-education\src\main\java\uz\rivoj\education\dto\response\CommentResponse.java
D:\Users\HP\java G23\JavaSpring\shaftoli-education\src\main\java\uz\rivoj\education\service\UploadService.java
D:\Users\HP\java G23\JavaSpring\shaftoli-education\src\main\java\uz\rivoj\education\entity\NotificationEntity.java
D:\Users\HP\java G23\JavaSpring\shaftoli-education\src\main\java\uz\rivoj\education\entity\UserRole.java
D:\Users\HP\java G23\JavaSpring\shaftoli-education\src\main\java\uz\rivoj\education\repository\LessonRepository.java
D:\Users\HP\java G23\JavaSpring\shaftoli-education\src\main\java\uz\rivoj\education\service\LessonService.java
D:\Users\HP\java G23\JavaSpring\shaftoli-education\src\main\java\uz\rivoj\education\entity\LessonEntity.java
D:\Users\HP\java G23\JavaSpring\shaftoli-education\src\main\java\uz\rivoj\education\entity\BaseEntity.java
D:\Users\HP\java G23\JavaSpring\shaftoli-education\src\main\java\uz\rivoj\education\dto\request\DiscountCR.java
D:\Users\HP\java G23\JavaSpring\shaftoli-education\src\main\java\uz\rivoj\education\controller\StudentController.java
D:\Users\HP\java G23\JavaSpring\shaftoli-education\src\main\java\uz\rivoj\education\dto\request\AdminCR.java
D:\Users\HP\java G23\JavaSpring\shaftoli-education\src\main\java\uz\rivoj\education\entity\DiscountEntity.java
D:\Users\HP\java G23\JavaSpring\shaftoli-education\src\main\java\uz\rivoj\education\config\DoConfig.java
D:\Users\HP\java G23\JavaSpring\shaftoli-education\src\main\java\uz\rivoj\education\dto\response\HomePageResponse.java
D:\Users\HP\java G23\JavaSpring\shaftoli-education\src\main\java\uz\rivoj\education\entity\TeacherInfo.java
D:\Users\HP\java G23\JavaSpring\shaftoli-education\src\main\java\uz\rivoj\education\config\GlobalExceptionHandler.java
D:\Users\HP\java G23\JavaSpring\shaftoli-education\src\main\java\uz\rivoj\education\config\BeanConfig.java
D:\Users\HP\java G23\JavaSpring\shaftoli-education\src\main\java\uz\rivoj\education\dto\response\MessageResponse.java
D:\Users\HP\java G23\JavaSpring\shaftoli-education\src\main\java\uz\rivoj\education\dto\response\ModuleResponse.java
D:\Users\HP\java G23\JavaSpring\shaftoli-education\src\main\java\uz\rivoj\education\service\ChatService.java
D:\Users\HP\java G23\JavaSpring\shaftoli-education\src\main\java\uz\rivoj\education\repository\MessageRepository.java
D:\Users\HP\java G23\JavaSpring\shaftoli-education\src\main\java\uz\rivoj\education\entity\Message.java
D:\Users\HP\java G23\JavaSpring\shaftoli-education\src\main\java\uz\rivoj\education\service\CommentService.java
D:\Users\HP\java G23\JavaSpring\shaftoli-education\src\main\java\uz\rivoj\education\dto\request\MessageCR.java
D:\Users\HP\java G23\JavaSpring\shaftoli-education\src\main\java\uz\rivoj\education\repository\CommentRepository.java
D:\Users\HP\java G23\JavaSpring\shaftoli-education\src\main\java\uz\rivoj\education\repository\StudentInfoRepository.java
D:\Users\HP\java G23\JavaSpring\shaftoli-education\src\main\java\uz\rivoj\education\dto\request\SubjectCR.java
D:\Users\HP\java G23\JavaSpring\shaftoli-education\src\main\java\uz\rivoj\education\controller\AuthUserController.java
D:\Users\HP\java G23\JavaSpring\shaftoli-education\src\main\java\uz\rivoj\education\dto\response\TeacherResponse.java
D:\Users\HP\java G23\JavaSpring\shaftoli-education\src\main\java\uz\rivoj\education\dto\error\ErrorDTO.java
D:\Users\HP\java G23\JavaSpring\shaftoli-education\src\main\java\uz\rivoj\education\repository\ModuleRepository.java
D:\Users\HP\java G23\JavaSpring\shaftoli-education\src\main\java\uz\rivoj\education\service\DiscountService.java
D:\Users\HP\java G23\JavaSpring\shaftoli-education\src\main\java\uz\rivoj\education\dto\request\UserCR.java
D:\Users\HP\java G23\JavaSpring\shaftoli-education\src\main\java\uz\rivoj\education\dto\response\RankingPageResponse.java
D:\Users\HP\java G23\JavaSpring\shaftoli-education\src\main\java\uz\rivoj\education\repository\AttendanceRepository.java
D:\Users\HP\java G23\JavaSpring\shaftoli-education\src\main\java\uz\rivoj\education\dto\response\TutorsPageResponse.java
D:\Users\HP\java G23\JavaSpring\shaftoli-education\src\main\java\uz\rivoj\education\service\jwt\JwtService.java
D:\Users\HP\java G23\JavaSpring\shaftoli-education\src\main\java\uz\rivoj\education\dto\request\LessonCR.java
D:\Users\HP\java G23\JavaSpring\shaftoli-education\src\main\java\uz\rivoj\education\dto\request\AttendanceCR.java
D:\Users\HP\java G23\JavaSpring\shaftoli-education\src\main\java\uz\rivoj\education\exception\DataNotFoundException.java
D:\Users\HP\java G23\JavaSpring\shaftoli-education\src\main\java\uz\rivoj\education\dto\response\LessonPageResponse.java
D:\Users\HP\java G23\JavaSpring\shaftoli-education\src\main\java\uz\rivoj\education\entity\enums\AttendanceStatus.java
D:\Users\HP\java G23\JavaSpring\shaftoli-education\src\main\java\uz\rivoj\education\dto\error\AppErrorDto.java
D:\Users\HP\java G23\JavaSpring\shaftoli-education\src\main\java\uz\rivoj\education\dto\response\AttendanceResponse.java
D:\Users\HP\java G23\JavaSpring\shaftoli-education\src\main\java\uz\rivoj\education\dto\response\LessonResponse.java
D:\Users\HP\java G23\JavaSpring\shaftoli-education\src\main\java\uz\rivoj\education\exception\NotEnoughFundsException.java
D:\Users\HP\java G23\JavaSpring\shaftoli-education\src\main\java\uz\rivoj\education\service\jwt\AuthenticationService.java
D:\Users\HP\java G23\JavaSpring\shaftoli-education\src\main\java\uz\rivoj\education\dto\request\StudentCR.java
D:\Users\HP\java G23\JavaSpring\shaftoli-education\src\main\java\uz\rivoj\education\dto\response\GetStudentFullInfoResponse.java
D:\Users\HP\java G23\JavaSpring\shaftoli-education\src\main\java\uz\rivoj\education\dto\response\DiscountResponse.java
D:\Users\HP\java G23\JavaSpring\shaftoli-education\src\main\java\uz\rivoj\education\EducationApplication.java
D:\Users\HP\java G23\JavaSpring\shaftoli-education\src\main\java\uz\rivoj\education\entity\enums\UserStatus.java
D:\Users\HP\java G23\JavaSpring\shaftoli-education\src\main\java\uz\rivoj\education\config\SecurityConfig.java
D:\Users\HP\java G23\JavaSpring\shaftoli-education\src\main\java\uz\rivoj\education\dto\response\ChatResponse.java
D:\Users\HP\java G23\JavaSpring\shaftoli-education\src\main\java\uz\rivoj\education\exception\WrongPasswordException.java
D:\Users\HP\java G23\JavaSpring\shaftoli-education\src\main\java\uz\rivoj\education\service\NotificationService.java
D:\Users\HP\java G23\JavaSpring\shaftoli-education\src\main\java\uz\rivoj\education\dto\request\ChatCR.java
D:\Users\HP\java G23\JavaSpring\shaftoli-education\src\main\java\uz\rivoj\education\dto\request\LoginRequest.java
D:\Users\HP\java G23\JavaSpring\shaftoli-education\src\main\java\uz\rivoj\education\entity\AttendanceEntity.java
D:\Users\HP\java G23\JavaSpring\shaftoli-education\src\main\java\uz\rivoj\education\entity\ChatEntity.java
D:\Users\HP\java G23\JavaSpring\shaftoli-education\src\main\java\uz\rivoj\education\entity\SubjectEntity.java
D:\Users\HP\java G23\JavaSpring\shaftoli-education\src\main\java\uz\rivoj\education\controller\ProgressController.java
D:\Users\HP\java G23\JavaSpring\shaftoli-education\src\main\java\uz\rivoj\education\entity\CommentEntity.java
D:\Users\HP\java G23\JavaSpring\shaftoli-education\src\main\java\uz\rivoj\education\repository\NotificationRepository.java
D:\Users\HP\java G23\JavaSpring\shaftoli-education\src\main\java\uz\rivoj\education\dto\response\NotificationResponse.java
D:\Users\HP\java G23\JavaSpring\shaftoli-education\src\main\java\uz\rivoj\education\service\TeacherService.java
D:\Users\HP\java G23\JavaSpring\shaftoli-education\src\main\java\uz\rivoj\education\service\ModuleService.java
D:\Users\HP\java G23\JavaSpring\shaftoli-education\src\main\java\uz\rivoj\education\dto\response\StudentResponse.java
D:\Users\HP\java G23\JavaSpring\shaftoli-education\src\main\java\uz\rivoj\education\repository\ChatRepository.java
D:\Users\HP\java G23\JavaSpring\shaftoli-education\src\main\java\uz\rivoj\education\service\jwt\JwtFilter.java
D:\Users\HP\java G23\JavaSpring\shaftoli-education\src\main\java\uz\rivoj\education\service\AttendanceService.java
D:\Users\HP\java G23\JavaSpring\shaftoli-education\src\main\java\uz\rivoj\education\dto\response\SpecialAttendanceResponse.java
D:\Users\HP\java G23\JavaSpring\shaftoli-education\src\main\java\uz\rivoj\education\dto\response\BestStudentResponse.java
D:\Users\HP\java G23\JavaSpring\shaftoli-education\src\main\java\uz\rivoj\education\service\StudentService.java
D:\Users\HP\java G23\JavaSpring\shaftoli-education\src\main\java\uz\rivoj\education\controller\AdminController.java
D:\Users\HP\java G23\JavaSpring\shaftoli-education\src\main\java\uz\rivoj\education\entity\UserEntity.java
D:\Users\HP\java G23\JavaSpring\shaftoli-education\src\main\java\uz\rivoj\education\repository\UserRepository.java
D:\Users\HP\java G23\JavaSpring\shaftoli-education\src\main\java\uz\rivoj\education\config\SwaggerConfig.java
D:\Users\HP\java G23\JavaSpring\shaftoli-education\src\main\java\uz\rivoj\education\service\jwt\UserDetailsService.java
